
   PASS  Tests\Unit\ExampleTest
  Γ£ô that true is true

   PASS  Tests\Feature\Auth\AuthenticationTest
  Γ£ô login screΓÇª 0.30s  
  Γ£ô users canΓÇª  0.05s  
  Γ£ô users canΓÇª  0.23s  
  Γ£ô users canΓÇª  0.02s  

   PASS  Tests\Feature\Auth\EmailVerificationTest
  Γ£ô email veriΓÇª 0.02s  
  Γ£ô email canΓÇª  0.02s  
  Γ£ô email is nΓÇª 0.02s  

   PASS  Tests\Feature\Auth\PasswordConfirmationTest
  Γ£ô confirm paΓÇª 0.02s  
  Γ£ô password cΓÇª 0.02s  
  Γ£ô password iΓÇª 0.23s  

   PASS  Tests\Feature\Auth\PasswordResetTest
  Γ£ô reset passΓÇª 0.02s  
  Γ£ô reset passΓÇª 0.23s  
  Γ£ô reset passΓÇª 0.22s  
  Γ£ô password cΓÇª 0.22s  

   PASS  Tests\Feature\Auth\PasswordUpdateTest
  Γ£ô password cΓÇª 0.02s  
  Γ£ô correct paΓÇª 0.02s  

   PASS  Tests\Feature\Auth\RegistrationTest
  Γ£ô registratiΓÇª 0.02s  
  Γ£ô new usersΓÇª  0.02s  

   FAIL  Tests\Feature\ExampleTest
  Γ¿» the applicΓÇª 0.02s  

   PASS  Tests\Feature\ProfileTest
  Γ£ô profile paΓÇª 0.02s  
  Γ£ô profile inΓÇª 0.02s  
  Γ£ô email veriΓÇª 0.02s  
  Γ£ô user can dΓÇª 0.02s  
  Γ£ô correct paΓÇª 0.02s  
  ΓöÇΓöÇΓöÇΓöÇΓöÇΓöÇΓöÇΓöÇΓöÇΓöÇΓöÇΓöÇΓöÇΓöÇΓöÇΓöÇΓöÇΓöÇΓöÇ  
   FAILED  Tests\FeΓÇª   
  Expected response status code [200] but received 302.
Failed asserting that 302 is identical to 200.

  at tests\Feature\ExampleTest.php:17
     13Γûò     public function test_the_application_returns_a_successful_response(): void
     14Γûò     {
     15Γûò         $response = $this->get('/');
     16Γûò 
  Γ₧£  17Γûò         $response->assertStatus(200);
     18Γûò     }
     19Γûò }
     20Γûò


  Tests:    1 failed, 24 passed (61 assertions)
  Duration: 1.93s

